// Vitest Snapshot v1, https://vitest.dev/guide/snapshot.html

exports[`Compiler > Snapshot Testing > should match snapshot for complete configuration > complete-configuration-output 1`] = `
{
  "$schema": "https://json.schemastore.org/claude-code-settings.json",
  "cleanupPeriodDays": 30,
  "env": {
    "API_URL": "https://api.example.com",
    "DEBUG": "false",
    "NODE_ENV": "production",
  },
  "hooks": {
    "on-tool-use": [
      {
        "hooks": [
          {
            "command": "eslint --fix",
            "timeout": 3000,
            "type": "command",
          },
        ],
        "matcher": "**/*.{js,ts}",
      },
    ],
  },
  "includeCoAuthoredBy": true,
  "model": "claude-3-opus-20240229",
  "permissions": {
    "allow": [
      "Read(**)",
      "Write(**/test/**)",
      "Bash(npm test)",
    ],
    "ask": [
      "WebSearch",
      "WebFetch",
    ],
    "deny": [
      "Write(**/prod/**)",
      "Write(**/node_modules/**)",
    ],
  },
  "statusLine": {
    "command": "git status --short",
    "type": "command",
  },
}
`;

exports[`Compiler > Snapshot Testing > should match snapshot for minimal configuration > minimal-configuration-output 1`] = `
{
  "$schema": "https://json.schemastore.org/claude-code-settings.json",
  "env": {},
  "hooks": {},
  "permissions": {
    "allow": [
      "Read(**)",
    ],
    "ask": [],
    "deny": [],
  },
}
`;
